[backblue.gif]
[fade.gif]
[index.html]
[app.gamezone.io/index.html]
[app.gamezone.io/projects.html]
[app.gamezone.io/terms-conditions.html]
[app.gamezone.io/privacy-policy.html]
[gamezone.io/index.html]
[app.gamezone.io/cookies-policy.html]
[app.gamezone.io/images/logo.png]
[app.gamezone.io/manifest.json]
[cdn.jsdelivr.net/npm/bootstrap@5.0.0-beta2/dist/css/bootstrap.min.css]
[cdn.jsdelivr.net/npm/@mdi/font@5.4.55/css/materialdesignicons.min.css]
[pro.fontawesome.com/releases/v5.10.0/css/all.css]
[codeseven.github.io/toastr/build/toastr.min.css]
[app.gamezone.io/css/stylec924.css]
[app.gamezone.io/css/theme.css]
[app.gamezone.io/static/css/2.b650302e.chunk.css]
[app.gamezone.io/static/css/main.9166dcff.chunk.css]
[app.gamezone.io/images/logo.svg]
[cdn.jsdelivr.net/npm/bootstrap@5.0.0-beta2/dist/js/bootstrap.bundle.min.js]
[code.jquery.com/jquery-3.5.1.min.js]
[app.gamezone.io/js/particles.js]
[app.gamezone.io/js/script.js]
[app.gamezone.io/index.html]
[app.gamezone.io/projects.html]
[app.gamezone.io/terms-conditions.html]
[app.gamezone.io/privacy-policy.html]
[app.gamezone.io/cookies-policy.html]
[fonts.googleapis.com/css2dba2.css]
[app.gamezone.io/static/js/main.0efbb413.chunk.js]
[app.gamezone.io/static/js/2.00cedfe8.chunk.js]
[app.gamezone.io/favicon.ico]
[gamezone.io/css/libs.min.css]
[gamezone.io/css/style.min.css]
[gamezone.io/img/main/logo.svg]
[gamezone.io/img/main/intro-img.png]
[gamezone.io/img/main/openapp-btn-text-2.svg]
[gamezone.io/img/icons/unicorn.svg]
[gamezone.io/img/icons/frog.svg]
[gamezone.io/img/main/pancakeswap-btn-text-2.svg]
[gamezone.io/img/icons/gate.svg]
[gamezone.io/img/main/gate-btn-text-2.svg]
[gamezone.io/img/icons/mexc.svg]
[gamezone.io/img/main/mexc-btn-text.svg]
[gamezone.io/img/main/intro-crystals.svg]
[gamezone.io/img/icons/bordered-lines.svg]
[gamezone.io/img/main/ufo.png]
[gamezone.io/img/main/nextgen-img.png]
[gamezone.io/img/main/read-about-btn-text-v3.svg]
[gamezone.io/img/main/imagine-bg.png]
[gamezone.io/img/main/table/logo-new.png]
[gamezone.io/img/main/apply-now-text.svg]
[gamezone.io/img/main/table/starter.svg]
[gamezone.io/img/main/table/veteran.svg]
[gamezone.io/img/main/table/god.svg]
[gamezone.io/img/main/table/celestial.svg]
[gamezone.io/img/main/tokenomics-bg.png]
[gamezone.io/img/main/table/crystal-green.svg]
[gamezone.io/img/main/table/crystal-red.svg]
[gamezone.io/img/icons/crystals-group.png]
[gamezone.io/img/icons/bluezilla.svg]
[gamezone.io/img/main/achieve-img.png]
[gamezone.io/img/icons/crystal1.svg]
[gamezone.io/img/icons/crystal2.svg]
[gamezone.io/img/main/welcome-img.png]
[gamezone.io/img/icons/crystal3.svg]
[gamezone.io/img/main/welcome-bg.png]
[gamezone.io/img/icons/table-left-bg.svg]
[gamezone.io/img/icons/twitter.svg]
[gamezone.io/img/icons/medium.svg]
[gamezone.io/js/libs.min.js]
[gamezone.io/img/main/gate-partner.svg]
[gamezone.io/js/common.min.js]
[app.gamezone.io/images/logo.png]
[fonts.googleapis.com/css2dba2.css]
[app.gamezone.io/manifest.json]
[cdn.jsdelivr.net/npm/bootstrap@5.0.0-beta2/dist/css/bootstrap.min.css]
[app.gamezone.io/js/script.js]
[app.gamezone.io/js/particles.js]
[app.gamezone.io/static/js/main.0efbb413.chunk.js]
[gamezone.io/fonts/gilroy/Gilroy-Regulard41d.eot]
[gamezone.io/fonts/gilroy/Gilroy-Regular.eot]
[gamezone.io/fonts/gilroy/Gilroy-Regular.woff2]
[cdn.jsdelivr.net/npm/@mdi/font@5.4.55/fonts/materialdesignicons-webfont3201.eot]
[cdn.jsdelivr.net/npm/@mdi/font@5.4.55/fonts/materialdesignicons-webfontd41d.eot]
[gamezone.io/fonts/gilroy/Gilroy-Regular.woff]
[gamezone.io/fonts/gilroy/Gilroy-Regular.ttf]
[cdn.jsdelivr.net/npm/@mdi/font@5.4.55/fonts/materialdesignicons-webfont3201.woff2]
[gamezone.io/fonts/gilroy/Gilroy-Medium.eot]
[gamezone.io/fonts/gilroy/Gilroy-Medium.woff2]
[gamezone.io/fonts/gilroy/Gilroy-Mediumd41d.eot]
[cdn.jsdelivr.net/npm/@mdi/font@5.4.55/fonts/materialdesignicons-webfont3201.woff]
[gamezone.io/fonts/gilroy/Gilroy-Medium.ttf]
[gamezone.io/fonts/gilroy/Gilroy-Bold.eot]
[gamezone.io/fonts/gilroy/Gilroy-Medium.woff]
[cdn.jsdelivr.net/npm/@mdi/font@5.4.55/css/materialdesignicons.min.css]
[cdn.jsdelivr.net/npm/@mdi/font@5.4.55/fonts/materialdesignicons-webfont3201.ttf]
[gamezone.io/fonts/gilroy/Gilroy-Bold.woff2]
[gamezone.io/fonts/gilroy/Gilroy-Bold.woff]
[gamezone.io/fonts/gilroy/Gilroy-Boldd41d.eot]
[gamezone.io/fonts/gilroy/Gilroy-Bold.ttf]
[pro.fontawesome.com/releases/v5.10.0/webfonts/fa-brands-400.eot]
[pro.fontawesome.com/releases/v5.10.0/webfonts/fa-brands-400d41d.eot]
[gamezone.io/fonts/grand/NTF-Grand-BoldItalic.woff2]
[gamezone.io/fonts/grand/NTF-Grand-BoldItalicd41d.eot]
[pro.fontawesome.com/releases/v5.10.0/webfonts/fa-brands-400.woff2]
[gamezone.io/fonts/grand/NTF-Grand-BoldItalic.eot]
[gamezone.io/fonts/grand/NTF-Grand-BoldItalic.ttf]
[gamezone.io/fonts/grand/NTF-Grand-BoldItalic.woff]
[pro.fontawesome.com/releases/v5.10.0/webfonts/fa-brands-400.woff]
[gamezone.io/img/main/main-bg.jpg]
[pro.fontawesome.com/releases/v5.10.0/webfonts/fa-brands-400.ttf]
[pro.fontawesome.com/releases/v5.10.0/webfonts/fa-brands-400.svg]
[pro.fontawesome.com/releases/v5.10.0/webfonts/fa-duotone-900.eot]
[pro.fontawesome.com/releases/v5.10.0/webfonts/fa-duotone-900d41d.eot]
[gamezone.io/img/main/access-img-2.png]
[pro.fontawesome.com/releases/v5.10.0/webfonts/fa-duotone-900.woff2]
[pro.fontawesome.com/releases/v5.10.0/webfonts/fa-duotone-900.woff]
[pro.fontawesome.com/releases/v5.10.0/webfonts/fa-duotone-900.ttf]
[pro.fontawesome.com/releases/v5.10.0/webfonts/fa-duotone-900.svg]
[pro.fontawesome.com/releases/v5.10.0/webfonts/fa-brands-400.eot]
[pro.fontawesome.com/releases/v5.10.0/webfonts/fa-brands-400d41d.eot]
[pro.fontawesome.com/releases/v5.10.0/webfonts/fa-light-300.eot]
[pro.fontawesome.com/releases/v5.10.0/webfonts/fa-brands-400.woff2]
[pro.fontawesome.com/releases/v5.10.0/webfonts/fa-brands-400.ttf]
[pro.fontawesome.com/releases/v5.10.0/webfonts/fa-duotone-900.eot]
[pro.fontawesome.com/releases/v5.10.0/webfonts/fa-duotone-900d41d.eot]
[pro.fontawesome.com/releases/v5.10.0/webfonts/fa-duotone-900.woff2]
[pro.fontawesome.com/releases/v5.10.0/webfonts/fa-light-300d41d.eot]
[pro.fontawesome.com/releases/v5.10.0/webfonts/fa-light-300.woff2]
[pro.fontawesome.com/releases/v5.10.0/webfonts/fa-duotone-900.woff]
[pro.fontawesome.com/releases/v5.10.0/webfonts/fa-duotone-900.ttf]
[pro.fontawesome.com/releases/v5.10.0/webfonts/fa-light-300.eot]
[pro.fontawesome.com/releases/v5.10.0/webfonts/fa-light-300d41d.eot]
[pro.fontawesome.com/releases/v5.10.0/webfonts/fa-light-300.woff]
[pro.fontawesome.com/releases/v5.10.0/webfonts/fa-light-300.ttf]
[pro.fontawesome.com/releases/v5.10.0/webfonts/fa-regular-400.eot]
[pro.fontawesome.com/releases/v5.10.0/webfonts/fa-regular-400.woff2]
[pro.fontawesome.com/releases/v5.10.0/webfonts/fa-light-300.svg]
[pro.fontawesome.com/releases/v5.10.0/webfonts/fa-regular-400d41d.eot]
[pro.fontawesome.com/releases/v5.10.0/webfonts/fa-regular-400.woff]
[pro.fontawesome.com/releases/v5.10.0/webfonts/fa-regular-400.ttf]
[pro.fontawesome.com/releases/v5.10.0/webfonts/fa-solid-900.eot]
[pro.fontawesome.com/releases/v5.10.0/webfonts/fa-regular-400.svg]
[pro.fontawesome.com/releases/v5.10.0/webfonts/fa-solid-900d41d.eot]
[pro.fontawesome.com/releases/v5.10.0/webfonts/fa-solid-900.eot]
[pro.fontawesome.com/releases/v5.10.0/webfonts/fa-solid-900.woff2]
[pro.fontawesome.com/releases/v5.10.0/webfonts/fa-solid-900.woff]
[pro.fontawesome.com/releases/v5.10.0/webfonts/fa-solid-900.woff2]
[pro.fontawesome.com/releases/v5.10.0/webfonts/fa-solid-900d41d.eot]
[pro.fontawesome.com/releases/v5.10.0/webfonts/fa-solid-900.ttf]
[pro.fontawesome.com/releases/v5.10.0/css/all.css]
[codeseven.github.io/toastr/build/toastr.min.css]
[pro.fontawesome.com/releases/v5.10.0/webfonts/fa-solid-900.svg]
[app.gamezone.io/fonts/gilroy/Gilroy-Regular.eot]
[app.gamezone.io/fonts/gilroy/Gilroy-Regulard41d.eot]
[app.gamezone.io/fonts/gilroy/Gilroy-Regulard41d.eot]
[app.gamezone.io/fonts/gilroy/Gilroy-Regular.woff2]
[app.gamezone.io/fonts/gilroy/Gilroy-Regular.woff]
[app.gamezone.io/fonts/gilroy/Gilroy-Regular.woff]
[app.gamezone.io/fonts/gilroy/Gilroy-Regular.ttf]
[app.gamezone.io/fonts/gilroy/Gilroy-Medium.eot]
[app.gamezone.io/fonts/gilroy/Gilroy-Mediumd41d.eot]
[app.gamezone.io/fonts/gilroy/Gilroy-Mediumd41d.eot]
[app.gamezone.io/fonts/gilroy/Gilroy-Medium.woff2]
[app.gamezone.io/fonts/gilroy/Gilroy-Medium.woff]
[app.gamezone.io/fonts/gilroy/Gilroy-Medium.woff2]
[app.gamezone.io/fonts/gilroy/Gilroy-Medium.ttf]
[app.gamezone.io/fonts/gilroy/Gilroy-Bold.eot]
[app.gamezone.io/fonts/gilroy/Gilroy-Bold.eot]
[app.gamezone.io/fonts/gilroy/Gilroy-Boldd41d.eot]
[app.gamezone.io/fonts/gilroy/Gilroy-Bold.woff2]
[app.gamezone.io/fonts/gilroy/Gilroy-Boldd41d.eot]
[app.gamezone.io/fonts/gilroy/Gilroy-Bold.woff]
[app.gamezone.io/fonts/gilroy/Gilroy-Bold.woff]
[app.gamezone.io/fonts/gilroy/Gilroy-Bold.ttf]
[app.gamezone.io/fonts/grand/NTF-Grand-BoldItalic.eot]
[app.gamezone.io/fonts/grand/NTF-Grand-BoldItalic.eot]
[app.gamezone.io/fonts/grand/NTF-Grand-BoldItalicd41d.eot]
[app.gamezone.io/fonts/grand/NTF-Grand-BoldItalic.woff2]
[app.gamezone.io/fonts/grand/NTF-Grand-BoldItalic.woff]
[app.gamezone.io/fonts/grand/NTF-Grand-BoldItalic.woff2]
[app.gamezone.io/fonts/grand/NTF-Grand-BoldItalic.ttf]
[app.gamezone.io/images/bg.png]
[app.gamezone.io/css/stylec924.css]
[app.gamezone.io/images/bordered-bg-bottom.svg]
[app.gamezone.io/images/main-bg.jpg]
[app.gamezone.io/images/bordered-bg.svg]
[app.gamezone.io/images/bordered-bg-left.svg]
[app.gamezone.io/css/theme.css]
[app.gamezone.io/static/css/2.b650302e.chunk.css]
[app.gamezone.io/static/css/main.9166dcff.chunk.css]
[app.gamezone.io/images/logo.svg]
[gamezone.io/img/icons/bordered-bg.svg]
[gamezone.io/img/icons/bordered-bg-left.svg]
[gamezone.io/img/icons/bordered-bg-bottom.svg]
[gamezone.io/img/icons/level-bg-short.svg]
[gamezone.io/img/main/table/table-bg.svg]
[gamezone.io/img/main/table/line.svg]
[gamezone.io/img/icons/level-bg.svg]
[gamezone.io/img/main/uniswap-btn-text-2.svg]
[cdn.jsdelivr.net/index.html]
[app.gamezone.io/images/tokenomics-bg.png]
[pro.fontawesome.com/releases/v5.10.0/webfonts/fa-brands-400.svg]
[pro.fontawesome.com/releases/v5.10.0/webfonts/fa-duotone-900.svg]
[pro.fontawesome.com/releases/v5.10.0/webfonts/fa-light-300.svg]
[pro.fontawesome.com/releases/v5.10.0/webfonts/fa-regular-400.svg]
[pro.fontawesome.com/releases/v5.10.0/webfonts/fa-solid-900.svg]
[app.gamezone.io/images/bordered-bg-bottom.svg]
[app.gamezone.io/images/bordered-bg.svg]
[app.gamezone.io/images/bordered-bg-left.svg]
[app.gamezone.io/images/tokenomics-bg.png]
