[gamezone.io/index.html]
[backblue.gif]
[fade.gif]
[index.html]
[app.gamezone.io/favicon.ico]
[gamezone.io/css/libs.min.css]
[gamezone.io/css/style.min.css]
[gamezone.io/img/main/logo.svg]
[gamezone.io/img/main/intro-img.png]
[gamezone.io/img/main/openapp-btn-text-2.svg]
[gamezone.io/img/icons/unicorn.svg]
[gamezone.io/img/main/uniswap-btn-text-2.svg]
[gamezone.io/img/icons/frog.svg]
[gamezone.io/img/main/pancakeswap-btn-text-2.svg]
[gamezone.io/img/icons/gate.svg]
[gamezone.io/img/main/gate-btn-text-2.svg]
[gamezone.io/img/icons/mexc.svg]
[gamezone.io/img/main/mexc-btn-text.svg]
[gamezone.io/img/main/intro-crystals.svg]
[gamezone.io/img/icons/bordered-lines.svg]
[gamezone.io/img/main/read-about-btn-text-v3.svg]
[gamezone.io/img/main/ufo.png]
[gamezone.io/img/main/nextgen-img.png]
[gamezone.io/img/main/imagine-bg.png]
[gamezone.io/img/main/apply-now-text.svg]
[gamezone.io/img/main/table/logo-new.png]
[gamezone.io/img/main/table/starter.svg]
[gamezone.io/img/main/table/veteran.svg]
[gamezone.io/img/main/table/god.svg]
[gamezone.io/img/main/table/celestial.svg]
[gamezone.io/img/main/table/crystal-green.svg]
[gamezone.io/img/main/table/crystal-red.svg]
[gamezone.io/img/main/access-img-2.png]
[gamezone.io/img/icons/bluezilla.svg]
[gamezone.io/img/main/tokenomics-bg.png]
[gamezone.io/img/icons/crystal1.svg]
[gamezone.io/img/icons/crystal2.svg]
[gamezone.io/img/icons/crystals-group.png]
[gamezone.io/img/icons/crystal3.svg]
[gamezone.io/img/main/achieve-img.png]
[gamezone.io/img/icons/table-left-bg.svg]
[gamezone.io/img/main/welcome-bg.png]
[gamezone.io/img/main/welcome-img.png]
[gamezone.io/img/icons/twitter.svg]
[gamezone.io/img/icons/medium.svg]
[gamezone.io/img/main/gate-partner.svg]
[gamezone.io/js/libs.min.js]
[gamezone.io/index.html]
[gamezone.io/css/libs.min.css]
[gamezone.io/js/common.min.js]
[gamezone.io/fonts/gilroy/Gilroy-Regular.eot]
[gamezone.io/fonts/gilroy/Gilroy-Regular.eot]
[gamezone.io/fonts/gilroy/Gilroy-Regulard41d.eot]
[gamezone.io/fonts/gilroy/Gilroy-Regular.woff2]
[gamezone.io/fonts/gilroy/Gilroy-Regular.woff]
[gamezone.io/fonts/gilroy/Gilroy-Regular.ttf]
[gamezone.io/fonts/gilroy/Gilroy-Regular.woff]
[gamezone.io/fonts/gilroy/Gilroy-Medium.eot]
[gamezone.io/fonts/gilroy/Gilroy-Medium.eot]
[gamezone.io/fonts/gilroy/Gilroy-Mediumd41d.eot]
[gamezone.io/fonts/gilroy/Gilroy-Medium.woff2]
[gamezone.io/fonts/gilroy/Gilroy-Medium.woff]
[gamezone.io/fonts/gilroy/Gilroy-Mediumd41d.eot]
[gamezone.io/fonts/gilroy/Gilroy-Medium.woff2]
[gamezone.io/fonts/gilroy/Gilroy-Medium.ttf]
[gamezone.io/fonts/gilroy/Gilroy-Medium.woff]
[gamezone.io/fonts/gilroy/Gilroy-Bold.eot]
[gamezone.io/fonts/gilroy/Gilroy-Bold.eot]
[gamezone.io/fonts/gilroy/Gilroy-Boldd41d.eot]
[gamezone.io/fonts/gilroy/Gilroy-Bold.woff2]
[gamezone.io/fonts/gilroy/Gilroy-Bold.woff]
[gamezone.io/fonts/gilroy/Gilroy-Bold.ttf]
[gamezone.io/fonts/grand/NTF-Grand-BoldItalic.eot]
[gamezone.io/fonts/gilroy/Gilroy-Bold.ttf]
[gamezone.io/fonts/gilroy/Gilroy-Bold.woff]
[gamezone.io/fonts/grand/NTF-Grand-BoldItalic.eot]
[gamezone.io/fonts/grand/NTF-Grand-BoldItalicd41d.eot]
[gamezone.io/fonts/grand/NTF-Grand-BoldItalic.woff2]
[gamezone.io/fonts/grand/NTF-Grand-BoldItalic.woff]
[gamezone.io/fonts/grand/NTF-Grand-BoldItalic.ttf]
[gamezone.io/fonts/grand/NTF-Grand-BoldItalic.woff]
[gamezone.io/img/main/main-bg.jpg]
[gamezone.io/img/icons/bordered-bg.svg]
[gamezone.io/img/icons/bordered-bg-left.svg]
[gamezone.io/img/icons/bordered-bg-bottom.svg]
[gamezone.io/img/icons/level-bg-short.svg]
[gamezone.io/img/main/table/table-bg.svg]
[gamezone.io/img/main/table/line.svg]
[gamezone.io/css/style.min.css]
[gamezone.io/img/main/logo.svg]
[gamezone.io/img/main/openapp-btn-text-2.svg]
[gamezone.io/img/icons/unicorn.svg]
[gamezone.io/img/main/uniswap-btn-text-2.svg]
[gamezone.io/img/icons/frog.svg]
[gamezone.io/img/main/pancakeswap-btn-text-2.svg]
[gamezone.io/img/icons/gate.svg]
[gamezone.io/img/main/gate-btn-text-2.svg]
[gamezone.io/img/icons/mexc.svg]
[gamezone.io/img/main/mexc-btn-text.svg]
[gamezone.io/img/main/intro-crystals.svg]
[gamezone.io/img/icons/bordered-lines.svg]
[gamezone.io/img/main/read-about-btn-text-v3.svg]
[gamezone.io/img/main/apply-now-text.svg]
[gamezone.io/img/main/table/starter.svg]
[gamezone.io/img/main/table/veteran.svg]
[gamezone.io/img/main/table/god.svg]
[gamezone.io/img/main/table/celestial.svg]
[gamezone.io/img/main/table/crystal-green.svg]
[gamezone.io/img/main/table/crystal-red.svg]
[gamezone.io/img/icons/bluezilla.svg]
[gamezone.io/img/icons/crystal1.svg]
[gamezone.io/img/icons/crystal2.svg]
[gamezone.io/img/icons/crystal3.svg]
[gamezone.io/img/icons/table-left-bg.svg]
[gamezone.io/img/icons/level-bg.svg]
[gamezone.io/img/icons/twitter.svg]
[gamezone.io/img/icons/medium.svg]
[gamezone.io/img/main/gate-partner.svg]
[gamezone.io/img/icons/bordered-bg.svg]
[gamezone.io/img/icons/bordered-bg-left.svg]
[gamezone.io/img/icons/bordered-bg-bottom.svg]
[gamezone.io/img/icons/level-bg-short.svg]
[gamezone.io/img/main/table/table-bg.svg]
[gamezone.io/img/main/table/line.svg]
[gamezone.io/img/icons/level-bg.svg]
[gamezone.io/img/main/welcome-img.png]
